# Meteor packages used by this project, one per line.
# Check this file (and the other files in this directory) into your repository.
#
# 'meteor add' and 'meteor remove' will edit this file for you,
# but you can also edit it by hand.

# meteor libraries
meteor-base@1.5.1             # Packages every Meteor app needs to have
es5-shim@4.8.0                # ECMAScript 5 compatibility for older browsers
ecmascript@0.16.7              # Enable ECMAScript2015+ syntax in app code
typescript@4.9.4              # Enable TypeScript syntax in .ts and .tsx modules

# standard libraries
jquery                  # Wrapper package for npm-installed jquery
tracker@1.3.2                 # Meteor's client-side reactive programming library
hot-module-replacement@0.5.3  # Update code in development without reloading the page
blaze-hot               # Update files using Blaze's API with HMR
dev-error-overlay
less

# ui
blaze-html-templates    # Compile .html files into Meteor Blaze views
reactive-var@1.0.12            # Reactive variable for tracker
reactive-dict

# data
mongo@1.16.6                   # The database Meteor supports right now

# routing
ostrio:flow-router-extra

# i18n

# accounts
accounts-password

# mobile
mobile-experience@1.1.0       # Packages for a great mobile UX

# production
standard-minifier-css@1.9.2   # CSS minifier run for production mode
standard-minifier-js@2.8.1    # JS minifier run for production mode

# rest apis

# testing
shell-server@0.5.0            # Server-side component of the `meteor shell` command
meteortesting:mocha
quave:testing
johanbrook:publication-collector

# security

